../Src/msme.c:128:5:main	160	static
../Src/msme.c:242:13:add_sample	40	static
../Src/msme.c:265:13:Init_LEDs	16	static
../Src/msme.c:291:21:lpf_alpha	24	static
../Src/msme.c:296:20:lpf_init	24	static
../Src/msme.c:301:21:lpf_update	24	static
../Src/msme.c:308:13:Init_SPI1_GPIO_CS	16	static
../Src/msme.c:336:13:Config_SPI1_TXRX	8	static
../Src/msme.c:358:16:lis_read_u8	24	static
../Src/msme.c:369:13:lis_write_u8	24	static
../Src/msme.c:379:13:lis_read_multi	24	static
../Src/msme.c:391:12:lis_init	16	static
../Src/msme.c:410:16:lis_status_data_ready	16	static
../Src/msme.c:415:16:lis_read_axis_16	24	static
../Src/msme.c:423:13:delay_cycles	16	static,ignoring_inline_asm
