02:17:31 **** Incremental Build of configuration Debug for project stm32f4_lis3dsh_spi_polling_demo ****
make -j12 all 
arm-none-eabi-gcc "../Src/main.c" -mcpu=cortex-m4 -std=gnu11 -g -DDEBUG -DSTM32 -DSTM32F407G_DISC1 -DSTM32F4 -DSTM32F407VGTx -c -I../Inc -I"C:/Users/nikhi/Desktop/Embedded C/my_workspace/target/stm32f4_lis3dsh_spi_polling_demo/Drivers/Inc" -I"C:/Users/nikhi/Desktop/Embedded C/my_workspace/target/stm32f4_lis3dsh_spi_polling_demo/Inc" -O0 -ffunction-sections -fdata-sections -Wall -fstack-usage -fcyclomatic-complexity -MMD -MP -MF"Src/main.d" -MT"Src/main.o" --specs=nano.specs -mfpu=fpv4-sp-d16 -mfloat-abi=hard -mthumb -o "Src/main.o"
arm-none-eabi-gcc -o "stm32f4_lis3dsh_spi_polling_demo.elf" @"objects.list"   -mcpu=cortex-m4 -T"C:\Users\nikhi\Desktop\Embedded C\my_workspace\target\stm32f4_lis3dsh_spi_polling_demo\STM32F407VGTX_FLASH.ld" --specs=nosys.specs -Wl,-Map="stm32f4_lis3dsh_spi_polling_demo.map" -Wl,--gc-sections -static -u _printf_float --specs=nano.specs -mfpu=fpv4-sp-d16 -mfloat-abi=hard -mthumb -u _printf_float -Wl,--start-group -lc -lm -Wl,--end-group
Finished building target: stm32f4_lis3dsh_spi_polling_demo.elf
 
arm-none-eabi-size  stm32f4_lis3dsh_spi_polling_demo.elf 
arm-none-eabi-objdump -h -S stm32f4_lis3dsh_spi_polling_demo.elf  > "stm32f4_lis3dsh_spi_polling_demo.list"
   text	   data	    bss	    dec	    hex	filename
  19940	    456	   1976	  22372	   5764	stm32f4_lis3dsh_spi_polling_demo.elf
Finished building: default.size.stdout
 
Finished building: stm32f4_lis3dsh_spi_polling_demo.list
 
02:22:27 **** Incremental Build of configuration Debug for project stm32f4_lis3dsh_spi_polling_demo ****
make -j12 all 
arm-none-eabi-gcc "../Src/main.c" -mcpu=cortex-m4 -std=gnu11 -g -DDEBUG -DSTM32 -DSTM32F407G_DISC1 -DSTM32F4 -DSTM32F407VGTx -c -I../Inc -I"C:/Users/nikhi/Desktop/Embedded C/my_workspace/target/stm32f4_lis3dsh_spi_polling_demo/Drivers/Inc" -I"C:/Users/nikhi/Desktop/Embedded C/my_workspace/target/stm32f4_lis3dsh_spi_polling_demo/Inc" -O0 -ffunction-sections -fdata-sections -Wall -fstack-usage -fcyclomatic-complexity -MMD -MP -MF"Src/main.d" -MT"Src/main.o" --specs=nano.specs -mfpu=fpv4-sp-d16 -mfloat-abi=hard -mthumb -o "Src/main.o"
arm-none-eabi-gcc -o "stm32f4_lis3dsh_spi_polling_demo.elf" @"objects.list"   -mcpu=cortex-m4 -T"C:\Users\nikhi\Desktop\Embedded C\my_workspace\target\stm32f4_lis3dsh_spi_polling_demo\STM32F407VGTX_FLASH.ld" --specs=nosys.specs -Wl,-Map="stm32f4_lis3dsh_spi_polling_demo.map" -Wl,--gc-sections -static -u _printf_float --specs=nano.specs -mfpu=fpv4-sp-d16 -mfloat-abi=hard -mthumb -u _printf_float -Wl,--start-group -lc -lm -Wl,--end-group
Finished building target: stm32f4_lis3dsh_spi_polling_demo.elf
 
arm-none-eabi-size  stm32f4_lis3dsh_spi_polling_demo.elf 
arm-none-eabi-objdump -h -S stm32f4_lis3dsh_spi_polling_demo.elf  > "stm32f4_lis3dsh_spi_polling_demo.list"
   text	   data	    bss	    dec	    hex	filename
  19940	    456	   1976	  22372	   5764	stm32f4_lis3dsh_spi_polling_demo.elf
Finished building: default.size.stdout
 
Finished building: stm32f4_lis3dsh_spi_polling_demo.list
 
02:24:59 **** Incremental Build of configuration Debug for project stm32f4_lis3dsh_spi_polling_demo ****
make -j12 all 
arm-none-eabi-size  stm32f4_lis3dsh_spi_polling_demo.elf 
   text	   data	    bss	    dec	    hex	filename
  19940	    456	   1976	  22372	   5764	stm32f4_lis3dsh_spi_polling_demo.elf
Finished building: default.size.stdout
 
02:25:12 **** Incremental Build of configuration Debug for project stm32f4_lis3dsh_spi_polling_demo ****
make -j12 all 
arm-none-eabi-size  stm32f4_lis3dsh_spi_polling_demo.elf 
   text	   data	    bss	    dec	    hex	filename
  19940	    456	   1976	  22372	   5764	stm32f4_lis3dsh_spi_polling_demo.elf
Finished building: default.size.stdout
 
02:26:35 **** Incremental Build of configuration Debug for project stm32f4_lis3dsh_spi_polling_demo ****
make -j12 all 
arm-none-eabi-size  stm32f4_lis3dsh_spi_polling_demo.elf 
   text	   data	    bss	    dec	    hex	filename
  19940	    456	   1976	  22372	   5764	stm32f4_lis3dsh_spi_polling_demo.elf
Finished building: default.size.stdout
 
