01:00:46 **** Build of configuration Debug for project STM32f407VGT_Drivers ****
make -j12 all 
arm-none-eabi-gcc -mcpu=cortex-m4 -g3 -DDEBUG -c -x assembler-with-cpp -MMD -MP -MF"Startup/startup_stm32f407vgtx.d" -MT"Startup/startup_stm32f407vgtx.o" --specs=nano.specs -mfloat-abi=soft -mthumb -o "Startup/startup_stm32f407vgtx.o" "../Startup/startup_stm32f407vgtx.s"
arm-none-eabi-gcc "../Src/msme.c" -mcpu=cortex-m4 -std=gnu11 -g3 -DDEBUG -DSTM32 -DSTM32F407G_DISC1 -DSTM32F4 -DSTM32F407VGTx -c -I"C:/Users/nikhi/Desktop/Embedded C/my_workspace/target/STM32f407VGT_Drivers/Drivers/Src" -I"C:/Users/nikhi/Desktop/Embedded C/my_workspace/target/STM32f407VGT_Drivers/Drivers/Inc" -O0 -ffunction-sections -fdata-sections -Wall -fstack-usage -fcyclomatic-complexity -MMD -MP -MF"Src/msme.d" -MT"Src/msme.o" --specs=nano.specs -mfloat-abi=soft -mthumb -o "Src/msme.o"
arm-none-eabi-gcc "../Src/syscalls.c" -mcpu=cortex-m4 -std=gnu11 -g3 -DDEBUG -DSTM32 -DSTM32F407G_DISC1 -DSTM32F4 -DSTM32F407VGTx -c -I"C:/Users/nikhi/Desktop/Embedded C/my_workspace/target/STM32f407VGT_Drivers/Drivers/Src" -I"C:/Users/nikhi/Desktop/Embedded C/my_workspace/target/STM32f407VGT_Drivers/Drivers/Inc" -O0 -ffunction-sections -fdata-sections -Wall -fstack-usage -fcyclomatic-complexity -MMD -MP -MF"Src/syscalls.d" -MT"Src/syscalls.o" --specs=nano.specs -mfloat-abi=soft -mthumb -o "Src/syscalls.o"
arm-none-eabi-gcc "../Src/sysmem.c" -mcpu=cortex-m4 -std=gnu11 -g3 -DDEBUG -DSTM32 -DSTM32F407G_DISC1 -DSTM32F4 -DSTM32F407VGTx -c -I"C:/Users/nikhi/Desktop/Embedded C/my_workspace/target/STM32f407VGT_Drivers/Drivers/Src" -I"C:/Users/nikhi/Desktop/Embedded C/my_workspace/target/STM32f407VGT_Drivers/Drivers/Inc" -O0 -ffunction-sections -fdata-sections -Wall -fstack-usage -fcyclomatic-complexity -MMD -MP -MF"Src/sysmem.d" -MT"Src/sysmem.o" --specs=nano.specs -mfloat-abi=soft -mthumb -o "Src/sysmem.o"
arm-none-eabi-gcc "../Drivers/Src/gpio_driver.c" -mcpu=cortex-m4 -std=gnu11 -g3 -DDEBUG -DSTM32 -DSTM32F407G_DISC1 -DSTM32F4 -DSTM32F407VGTx -c -I"C:/Users/nikhi/Desktop/Embedded C/my_workspace/target/STM32f407VGT_Drivers/Drivers/Src" -I"C:/Users/nikhi/Desktop/Embedded C/my_workspace/target/STM32f407VGT_Drivers/Drivers/Inc" -O0 -ffunction-sections -fdata-sections -Wall -fstack-usage -fcyclomatic-complexity -MMD -MP -MF"Drivers/Src/gpio_driver.d" -MT"Drivers/Src/gpio_driver.o" --specs=nano.specs -mfloat-abi=soft -mthumb -o "Drivers/Src/gpio_driver.o"
arm-none-eabi-gcc "../Drivers/Src/spi_driver.c" -mcpu=cortex-m4 -std=gnu11 -g3 -DDEBUG -DSTM32 -DSTM32F407G_DISC1 -DSTM32F4 -DSTM32F407VGTx -c -I"C:/Users/nikhi/Desktop/Embedded C/my_workspace/target/STM32f407VGT_Drivers/Drivers/Src" -I"C:/Users/nikhi/Desktop/Embedded C/my_workspace/target/STM32f407VGT_Drivers/Drivers/Inc" -O0 -ffunction-sections -fdata-sections -Wall -fstack-usage -fcyclomatic-complexity -MMD -MP -MF"Drivers/Src/spi_driver.d" -MT"Drivers/Src/spi_driver.o" --specs=nano.specs -mfloat-abi=soft -mthumb -o "Drivers/Src/spi_driver.o"
arm-none-eabi-gcc -o "STM32f407VGT_Drivers.elf" @"objects.list"   -mcpu=cortex-m4 -T"C:\Users\nikhi\Desktop\Embedded C\my_workspace\target\STM32f407VGT_Drivers\STM32F407VGTX_FLASH.ld" --specs=nosys.specs -Wl,-Map="STM32f407VGT_Drivers.map" -Wl,--gc-sections -static -u _printf_float --specs=nano.specs -mfloat-abi=soft -mthumb -Wl,--start-group -lc -lm -Wl,--end-group
Finished building target: STM32f407VGT_Drivers.elf
 
arm-none-eabi-size  STM32f407VGT_Drivers.elf 
arm-none-eabi-objdump -h -S STM32f407VGT_Drivers.elf  > "STM32f407VGT_Drivers.list"
   text	   data	    bss	    dec	    hex	filename
  21556	    456	   1968	  23980	   5dac	STM32f407VGT_Drivers.elf
Finished building: default.size.stdout
 
Finished building: STM32f407VGT_Drivers.list
 

01:00:48 Build Finished. 0 errors, 0 warnings. (took 1s.702ms)

